// Jest Snapshot v1, https://goo.gl/fbAQLP

exports[`Pruebas en <FirstApp /> should hacer macth con el snapshot 1`] = `
<div>
  <h1
    data-testid="test-title"
  >
     
    Soy Vegeta
     
  </h1>
  <p>
    No hay subtítulo
  </p>
  <p>
    No hay subtítulo
  </p>
  <p>
    Fernando Herrera
  </p>
</div>
`;
